(node:13836) Warning: SECURITY WARNING: The SSL modes 'prefer', 'require', and 'verify-ca' are treated as aliases for 'verify-full'.
In the next major version (pg-connection-string v3.0.0 and pg v9.0.0), these modes will adopt standard libpq semantics, which have weaker security guarantees.

To prepare for this change:
- If you want the current behavior, explicitly use 'sslmode=verify-full'
- If you want libpq compatibility now, use 'uselibpqcompat=true&sslmode=require'

See https://www.postgresql.org/docs/current/libpq-ssl.html for libpq SSL mode definitions.
(Use `node --trace-warnings ...` to show where the warning was created)
(node:18044) Warning: SECURITY WARNING: The SSL modes 'prefer', 'require', and 'verify-ca' are treated as aliases for 'verify-full'.
In the next major version (pg-connection-string v3.0.0 and pg v9.0.0), these modes will adopt standard libpq semantics, which have weaker security guarantees.

To prepare for this change:
- If you want the current behavior, explicitly use 'sslmode=verify-full'
- If you want libpq compatibility now, use 'uselibpqcompat=true&sslmode=require'

See https://www.postgresql.org/docs/current/libpq-ssl.html for libpq SSL mode definitions.
(Use `node --trace-warnings ...` to show where the warning was created)
[31m[Nest] 18044  - [39m08/13/2026, 10:56:13 PM [31m  ERROR[39m [38;5;3m[NestApplication] [39m[31mError: listen EADDRINUSE: address already in use :::4000[39m[38;5;3m +4ms[39m
node:net:2009
    const ex = new UVExceptionWithHostPort(err, 'listen', address, port);
               ^

Error: listen EADDRINUSE: address already in use :::4000
    at Server.setupListenHandle [as _listen2] (node:net:2009:16)
    at listenInCluster (node:net:2066:12)
    at Server.listen (node:net:2171:7)
    at ExpressAdapter.listen (C:\Users\HP\Desktop\Work-Project\JoelAcademy\node_modules\@nestjs\platform-express\adapters\express-adapter.js:115:32)
    at C:\Users\HP\Desktop\Work-Project\JoelAcademy\node_modules\@nestjs\core\nest-application.js:190:30
    at new Promise (<anonymous>)
    at NestApplication.listen (C:\Users\HP\Desktop\Work-Project\JoelAcademy\node_modules\@nestjs\core\nest-application.js:180:16)
    at async bootstrap (C:\Users\HP\Desktop\Work-Project\JoelAcademy\apps\api\src\main.ts:161:3) {
  code: 'EADDRINUSE',
  errno: -4091,
  syscall: 'listen',
  address: '::',
  port: 4000
}

Node.js v24.18.0
(node:10500) Warning: SECURITY WARNING: The SSL modes 'prefer', 'require', and 'verify-ca' are treated as aliases for 'verify-full'.
In the next major version (pg-connection-string v3.0.0 and pg v9.0.0), these modes will adopt standard libpq semantics, which have weaker security guarantees.

To prepare for this change:
- If you want the current behavior, explicitly use 'sslmode=verify-full'
- If you want libpq compatibility now, use 'uselibpqcompat=true&sslmode=require'

See https://www.postgresql.org/docs/current/libpq-ssl.html for libpq SSL mode definitions.
(Use `node --trace-warnings ...` to show where the warning was created)
[31m[Nest] 10500  - [39m08/13/2026, 10:58:08 PM [31m  ERROR[39m [38;5;3m[ApiExceptionFilter] [39m[31merror: column "discount_type" does not exist
    at C:\Users\HP\Desktop\Work-Project\JoelAcademy\node_modules\pg-pool\index.js:45:11
    at process.processTicksAndRejections (node:internal/process/task_queues:104:5)
    at async <anonymous> (C:\Users\HP\Desktop\Work-Project\JoelAcademy\node_modules\src\node-postgres\session.ts:161:13)
    at async NodePgPreparedQuery.queryWithCache (C:\Users\HP\Desktop\Work-Project\JoelAcademy\node_modules\src\pg-core\session.ts:71:12)
    at async <anonymous> (C:\Users\HP\Desktop\Work-Project\JoelAcademy\node_modules\src\node-postgres\session.ts:154:19)
    at async Promise.all (index 0)
    at async PromotionsRepository.listCodes (C:\Users\HP\Desktop\Work-Project\JoelAcademy\apps\api\src\modules\promotions\repositories\promotions.repository.ts:305:33)[39m
[31m[Nest] 10500  - [39m08/13/2026, 10:58:11 PM [31m  ERROR[39m [38;5;3m[ApiExceptionFilter] [39m[31merror: column "discount_type" does not exist
    at C:\Users\HP\Desktop\Work-Project\JoelAcademy\node_modules\pg-pool\index.js:45:11
    at process.processTicksAndRejections (node:internal/process/task_queues:104:5)
    at async <anonymous> (C:\Users\HP\Desktop\Work-Project\JoelAcademy\node_modules\src\node-postgres\session.ts:161:13)
    at async NodePgPreparedQuery.queryWithCache (C:\Users\HP\Desktop\Work-Project\JoelAcademy\node_modules\src\pg-core\session.ts:71:12)
    at async <anonymous> (C:\Users\HP\Desktop\Work-Project\JoelAcademy\node_modules\src\node-postgres\session.ts:154:19)
    at async Promise.all (index 0)
    at async PromotionsRepository.listCodes (C:\Users\HP\Desktop\Work-Project\JoelAcademy\apps\api\src\modules\promotions\repositories\promotions.repository.ts:305:33)[39m
[31m[Nest] 10500  - [39m08/13/2026, 10:58:21 PM [31m  ERROR[39m [38;5;3m[ApiExceptionFilter] [39m[31merror: column "discount_type" does not exist
    at C:\Users\HP\Desktop\Work-Project\JoelAcademy\node_modules\pg-pool\index.js:45:11
    at process.processTicksAndRejections (node:internal/process/task_queues:104:5)
    at async <anonymous> (C:\Users\HP\Desktop\Work-Project\JoelAcademy\node_modules\src\node-postgres\session.ts:161:13)
    at async NodePgPreparedQuery.queryWithCache (C:\Users\HP\Desktop\Work-Project\JoelAcademy\node_modules\src\pg-core\session.ts:71:12)
    at async <anonymous> (C:\Users\HP\Desktop\Work-Project\JoelAcademy\node_modules\src\node-postgres\session.ts:154:19)
    at async Promise.all (index 0)
    at async PromotionsRepository.listCodes (C:\Users\HP\Desktop\Work-Project\JoelAcademy\apps\api\src\modules\promotions\repositories\promotions.repository.ts:305:33)[39m
[31m[Nest] 10500  - [39m08/13/2026, 10:58:24 PM [31m  ERROR[39m [38;5;3m[ApiExceptionFilter] [39m[31merror: column "discount_type" does not exist
    at C:\Users\HP\Desktop\Work-Project\JoelAcademy\node_modules\pg-pool\index.js:45:11
    at process.processTicksAndRejections (node:internal/process/task_queues:104:5)
    at async <anonymous> (C:\Users\HP\Desktop\Work-Project\JoelAcademy\node_modules\src\node-postgres\session.ts:161:13)
    at async NodePgPreparedQuery.queryWithCache (C:\Users\HP\Desktop\Work-Project\JoelAcademy\node_modules\src\pg-core\session.ts:71:12)
    at async <anonymous> (C:\Users\HP\Desktop\Work-Project\JoelAcademy\node_modules\src\node-postgres\session.ts:154:19)
    at async Promise.all (index 0)
    at async PromotionsRepository.listCodes (C:\Users\HP\Desktop\Work-Project\JoelAcademy\apps\api\src\modules\promotions\repositories\promotions.repository.ts:305:33)[39m
(node:17272) Warning: SECURITY WARNING: The SSL modes 'prefer', 'require', and 'verify-ca' are treated as aliases for 'verify-full'.
In the next major version (pg-connection-string v3.0.0 and pg v9.0.0), these modes will adopt standard libpq semantics, which have weaker security guarantees.

To prepare for this change:
- If you want the current behavior, explicitly use 'sslmode=verify-full'
- If you want libpq compatibility now, use 'uselibpqcompat=true&sslmode=require'

See https://www.postgresql.org/docs/current/libpq-ssl.html for libpq SSL mode definitions.
(Use `node --trace-warnings ...` to show where the warning was created)
[31m[Nest] 17272  - [39m08/13/2026, 10:59:09 PM [31m  ERROR[39m [38;5;3m[NestApplication] [39m[31mError: listen EADDRINUSE: address already in use :::4000[39m[38;5;3m +4ms[39m
node:net:2009
    const ex = new UVExceptionWithHostPort(err, 'listen', address, port);
               ^

Error: listen EADDRINUSE: address already in use :::4000
    at Server.setupListenHandle [as _listen2] (node:net:2009:16)
    at listenInCluster (node:net:2066:12)
    at Server.listen (node:net:2171:7)
    at ExpressAdapter.listen (C:\Users\HP\Desktop\Work-Project\JoelAcademy\node_modules\@nestjs\platform-express\adapters\express-adapter.js:115:32)
    at C:\Users\HP\Desktop\Work-Project\JoelAcademy\node_modules\@nestjs\core\nest-application.js:190:30
    at new Promise (<anonymous>)
    at NestApplication.listen (C:\Users\HP\Desktop\Work-Project\JoelAcademy\node_modules\@nestjs\core\nest-application.js:180:16)
    at async bootstrap (C:\Users\HP\Desktop\Work-Project\JoelAcademy\apps\api\src\main.ts:161:3) {
  code: 'EADDRINUSE',
  errno: -4091,
  syscall: 'listen',
  address: '::',
  port: 4000
}

Node.js v24.18.0
(node:15220) Warning: SECURITY WARNING: The SSL modes 'prefer', 'require', and 'verify-ca' are treated as aliases for 'verify-full'.
In the next major version (pg-connection-string v3.0.0 and pg v9.0.0), these modes will adopt standard libpq semantics, which have weaker security guarantees.

To prepare for this change:
- If you want the current behavior, explicitly use 'sslmode=verify-full'
- If you want libpq compatibility now, use 'uselibpqcompat=true&sslmode=require'

See https://www.postgresql.org/docs/current/libpq-ssl.html for libpq SSL mode definitions.
(Use `node --trace-warnings ...` to show where the warning was created)
[31m[Nest] 15220  - [39m08/13/2026, 11:20:12 PM [31m  ERROR[39m [38;5;3m[NestApplication] [39m[31mError: listen EADDRINUSE: address already in use :::4000[39m[38;5;3m +5ms[39m
node:net:2009
    const ex = new UVExceptionWithHostPort(err, 'listen', address, port);
               ^

Error: listen EADDRINUSE: address already in use :::4000
    at Server.setupListenHandle [as _listen2] (node:net:2009:16)
    at listenInCluster (node:net:2066:12)
    at Server.listen (node:net:2171:7)
    at ExpressAdapter.listen (C:\Users\HP\Desktop\Work-Project\JoelAcademy\node_modules\@nestjs\platform-express\adapters\express-adapter.js:115:32)
    at C:\Users\HP\Desktop\Work-Project\JoelAcademy\node_modules\@nestjs\core\nest-application.js:190:30
    at new Promise (<anonymous>)
    at NestApplication.listen (C:\Users\HP\Desktop\Work-Project\JoelAcademy\node_modules\@nestjs\core\nest-application.js:180:16)
    at async bootstrap (C:\Users\HP\Desktop\Work-Project\JoelAcademy\apps\api\src\main.ts:161:3) {
  code: 'EADDRINUSE',
  errno: -4091,
  syscall: 'listen',
  address: '::',
  port: 4000
}

Node.js v24.18.0
(node:17588) Warning: SECURITY WARNING: The SSL modes 'prefer', 'require', and 'verify-ca' are treated as aliases for 'verify-full'.
In the next major version (pg-connection-string v3.0.0 and pg v9.0.0), these modes will adopt standard libpq semantics, which have weaker security guarantees.

To prepare for this change:
- If you want the current behavior, explicitly use 'sslmode=verify-full'
- If you want libpq compatibility now, use 'uselibpqcompat=true&sslmode=require'

See https://www.postgresql.org/docs/current/libpq-ssl.html for libpq SSL mode definitions.
(Use `node --trace-warnings ...` to show where the warning was created)
(node:1148) Warning: SECURITY WARNING: The SSL modes 'prefer', 'require', and 'verify-ca' are treated as aliases for 'verify-full'.
In the next major version (pg-connection-string v3.0.0 and pg v9.0.0), these modes will adopt standard libpq semantics, which have weaker security guarantees.

To prepare for this change:
- If you want the current behavior, explicitly use 'sslmode=verify-full'
- If you want libpq compatibility now, use 'uselibpqcompat=true&sslmode=require'

See https://www.postgresql.org/docs/current/libpq-ssl.html for libpq SSL mode definitions.
(Use `node --trace-warnings ...` to show where the warning was created)
(node:2828) Warning: SECURITY WARNING: The SSL modes 'prefer', 'require', and 'verify-ca' are treated as aliases for 'verify-full'.
In the next major version (pg-connection-string v3.0.0 and pg v9.0.0), these modes will adopt standard libpq semantics, which have weaker security guarantees.

To prepare for this change:
- If you want the current behavior, explicitly use 'sslmode=verify-full'
- If you want libpq compatibility now, use 'uselibpqcompat=true&sslmode=require'

See https://www.postgresql.org/docs/current/libpq-ssl.html for libpq SSL mode definitions.
(Use `node --trace-warnings ...` to show where the warning was created)
[31m[Nest] 2828  - [39m08/13/2026, 11:22:57 PM [31m  ERROR[39m [38;5;3m[ApiExceptionFilter] [39m[31merror: column "max_users" does not exist
    at C:\Users\HP\Desktop\Work-Project\JoelAcademy\node_modules\pg-pool\index.js:45:11
    at process.processTicksAndRejections (node:internal/process/task_queues:104:5)
    at async <anonymous> (C:\Users\HP\Desktop\Work-Project\JoelAcademy\node_modules\src\node-postgres\session.ts:161:13)
    at async NodePgPreparedQuery.queryWithCache (C:\Users\HP\Desktop\Work-Project\JoelAcademy\node_modules\src\pg-core\session.ts:71:12)
    at async <anonymous> (C:\Users\HP\Desktop\Work-Project\JoelAcademy\node_modules\src\node-postgres\session.ts:154:19)
    at async Promise.all (index 0)
    at async PromotionsRepository.listCodes (C:\Users\HP\Desktop\Work-Project\JoelAcademy\apps\api\src\modules\promotions\repositories\promotions.repository.ts:329:33)[39m
[31m[Nest] 2828  - [39m08/13/2026, 11:22:59 PM [31m  ERROR[39m [38;5;3m[ApiExceptionFilter] [39m[31merror: column "max_users" does not exist
    at C:\Users\HP\Desktop\Work-Project\JoelAcademy\node_modules\pg-pool\index.js:45:11
    at process.processTicksAndRejections (node:internal/process/task_queues:104:5)
    at async <anonymous> (C:\Users\HP\Desktop\Work-Project\JoelAcademy\node_modules\src\node-postgres\session.ts:161:13)
    at async NodePgPreparedQuery.queryWithCache (C:\Users\HP\Desktop\Work-Project\JoelAcademy\node_modules\src\pg-core\session.ts:71:12)
    at async <anonymous> (C:\Users\HP\Desktop\Work-Project\JoelAcademy\node_modules\src\node-postgres\session.ts:154:19)
    at async Promise.all (index 0)
    at async PromotionsRepository.listCodes (C:\Users\HP\Desktop\Work-Project\JoelAcademy\apps\api\src\modules\promotions\repositories\promotions.repository.ts:329:33)[39m
[31m[Nest] 2828  - [39m08/13/2026, 11:23:12 PM [31m  ERROR[39m [38;5;3m[ApiExceptionFilter] [39m[31merror: column "max_users" does not exist
    at C:\Users\HP\Desktop\Work-Project\JoelAcademy\node_modules\pg-pool\index.js:45:11
    at process.processTicksAndRejections (node:internal/process/task_queues:104:5)
    at async <anonymous> (C:\Users\HP\Desktop\Work-Project\JoelAcademy\node_modules\src\node-postgres\session.ts:161:13)
    at async NodePgPreparedQuery.queryWithCache (C:\Users\HP\Desktop\Work-Project\JoelAcademy\node_modules\src\pg-core\session.ts:71:12)
    at async <anonymous> (C:\Users\HP\Desktop\Work-Project\JoelAcademy\node_modules\src\node-postgres\session.ts:154:19)
    at async Promise.all (index 0)
    at async PromotionsRepository.listCodes (C:\Users\HP\Desktop\Work-Project\JoelAcademy\apps\api\src\modules\promotions\repositories\promotions.repository.ts:329:33)[39m
[31m[Nest] 2828  - [39m08/13/2026, 11:23:17 PM [31m  ERROR[39m [38;5;3m[ApiExceptionFilter] [39m[31merror: column "max_users" does not exist
    at C:\Users\HP\Desktop\Work-Project\JoelAcademy\node_modules\pg-pool\index.js:45:11
    at process.processTicksAndRejections (node:internal/process/task_queues:104:5)
    at async <anonymous> (C:\Users\HP\Desktop\Work-Project\JoelAcademy\node_modules\src\node-postgres\session.ts:161:13)
    at async NodePgPreparedQuery.queryWithCache (C:\Users\HP\Desktop\Work-Project\JoelAcademy\node_modules\src\pg-core\session.ts:71:12)
    at async <anonymous> (C:\Users\HP\Desktop\Work-Project\JoelAcademy\node_modules\src\node-postgres\session.ts:154:19)
    at async Promise.all (index 0)
    at async PromotionsRepository.listCodes (C:\Users\HP\Desktop\Work-Project\JoelAcademy\apps\api\src\modules\promotions\repositories\promotions.repository.ts:329:33)[39m
[31m[Nest] 2828  - [39m08/13/2026, 11:24:10 PM [31m  ERROR[39m [38;5;3m[ApiExceptionFilter] [39m[31merror: column "max_users" does not exist
    at C:\Users\HP\Desktop\Work-Project\JoelAcademy\node_modules\pg-pool\index.js:45:11
    at process.processTicksAndRejections (node:internal/process/task_queues:104:5)
    at async <anonymous> (C:\Users\HP\Desktop\Work-Project\JoelAcademy\node_modules\src\node-postgres\session.ts:161:13)
    at async NodePgPreparedQuery.queryWithCache (C:\Users\HP\Desktop\Work-Project\JoelAcademy\node_modules\src\pg-core\session.ts:71:12)
    at async <anonymous> (C:\Users\HP\Desktop\Work-Project\JoelAcademy\node_modules\src\node-postgres\session.ts:154:19)
    at async Promise.all (index 0)
    at async PromotionsRepository.listCodes (C:\Users\HP\Desktop\Work-Project\JoelAcademy\apps\api\src\modules\promotions\repositories\promotions.repository.ts:329:33)[39m
[31m[Nest] 2828  - [39m08/13/2026, 11:24:12 PM [31m  ERROR[39m [38;5;3m[ApiExceptionFilter] [39m[31merror: column "max_users" does not exist
    at C:\Users\HP\Desktop\Work-Project\JoelAcademy\node_modules\pg-pool\index.js:45:11
    at process.processTicksAndRejections (node:internal/process/task_queues:104:5)
    at async <anonymous> (C:\Users\HP\Desktop\Work-Project\JoelAcademy\node_modules\src\node-postgres\session.ts:161:13)
    at async NodePgPreparedQuery.queryWithCache (C:\Users\HP\Desktop\Work-Project\JoelAcademy\node_modules\src\pg-core\session.ts:71:12)
    at async <anonymous> (C:\Users\HP\Desktop\Work-Project\JoelAcademy\node_modules\src\node-postgres\session.ts:154:19)
    at async Promise.all (index 0)
    at async PromotionsRepository.listCodes (C:\Users\HP\Desktop\Work-Project\JoelAcademy\apps\api\src\modules\promotions\repositories\promotions.repository.ts:329:33)[39m
(node:19680) Warning: SECURITY WARNING: The SSL modes 'prefer', 'require', and 'verify-ca' are treated as aliases for 'verify-full'.
In the next major version (pg-connection-string v3.0.0 and pg v9.0.0), these modes will adopt standard libpq semantics, which have weaker security guarantees.

To prepare for this change:
- If you want the current behavior, explicitly use 'sslmode=verify-full'
- If you want libpq compatibility now, use 'uselibpqcompat=true&sslmode=require'

See https://www.postgresql.org/docs/current/libpq-ssl.html for libpq SSL mode definitions.
(Use `node --trace-warnings ...` to show where the warning was created)
(node:17352) Warning: SECURITY WARNING: The SSL modes 'prefer', 'require', and 'verify-ca' are treated as aliases for 'verify-full'.
In the next major version (pg-connection-string v3.0.0 and pg v9.0.0), these modes will adopt standard libpq semantics, which have weaker security guarantees.

To prepare for this change:
- If you want the current behavior, explicitly use 'sslmode=verify-full'
- If you want libpq compatibility now, use 'uselibpqcompat=true&sslmode=require'

See https://www.postgresql.org/docs/current/libpq-ssl.html for libpq SSL mode definitions.
(Use `node --trace-warnings ...` to show where the warning was created)
(node:9848) Warning: SECURITY WARNING: The SSL modes 'prefer', 'require', and 'verify-ca' are treated as aliases for 'verify-full'.
In the next major version (pg-connection-string v3.0.0 and pg v9.0.0), these modes will adopt standard libpq semantics, which have weaker security guarantees.

To prepare for this change:
- If you want the current behavior, explicitly use 'sslmode=verify-full'
- If you want libpq compatibility now, use 'uselibpqcompat=true&sslmode=require'

See https://www.postgresql.org/docs/current/libpq-ssl.html for libpq SSL mode definitions.
(Use `node --trace-warnings ...` to show where the warning was created)
(node:16808) Warning: SECURITY WARNING: The SSL modes 'prefer', 'require', and 'verify-ca' are treated as aliases for 'verify-full'.
In the next major version (pg-connection-string v3.0.0 and pg v9.0.0), these modes will adopt standard libpq semantics, which have weaker security guarantees.

To prepare for this change:
- If you want the current behavior, explicitly use 'sslmode=verify-full'
- If you want libpq compatibility now, use 'uselibpqcompat=true&sslmode=require'

See https://www.postgresql.org/docs/current/libpq-ssl.html for libpq SSL mode definitions.
(Use `node --trace-warnings ...` to show where the warning was created)
(node:16176) Warning: SECURITY WARNING: The SSL modes 'prefer', 'require', and 'verify-ca' are treated as aliases for 'verify-full'.
In the next major version (pg-connection-string v3.0.0 and pg v9.0.0), these modes will adopt standard libpq semantics, which have weaker security guarantees.

To prepare for this change:
- If you want the current behavior, explicitly use 'sslmode=verify-full'
- If you want libpq compatibility now, use 'uselibpqcompat=true&sslmode=require'

See https://www.postgresql.org/docs/current/libpq-ssl.html for libpq SSL mode definitions.
(Use `node --trace-warnings ...` to show where the warning was created)
(node:884) Warning: SECURITY WARNING: The SSL modes 'prefer', 'require', and 'verify-ca' are treated as aliases for 'verify-full'.
In the next major version (pg-connection-string v3.0.0 and pg v9.0.0), these modes will adopt standard libpq semantics, which have weaker security guarantees.

To prepare for this change:
- If you want the current behavior, explicitly use 'sslmode=verify-full'
- If you want libpq compatibility now, use 'uselibpqcompat=true&sslmode=require'

See https://www.postgresql.org/docs/current/libpq-ssl.html for libpq SSL mode definitions.
(Use `node --trace-warnings ...` to show where the warning was created)
(node:9392) Warning: SECURITY WARNING: The SSL modes 'prefer', 'require', and 'verify-ca' are treated as aliases for 'verify-full'.
In the next major version (pg-connection-string v3.0.0 and pg v9.0.0), these modes will adopt standard libpq semantics, which have weaker security guarantees.

To prepare for this change:
- If you want the current behavior, explicitly use 'sslmode=verify-full'
- If you want libpq compatibility now, use 'uselibpqcompat=true&sslmode=require'

See https://www.postgresql.org/docs/current/libpq-ssl.html for libpq SSL mode definitions.
(Use `node --trace-warnings ...` to show where the warning was created)
(node:20476) Warning: SECURITY WARNING: The SSL modes 'prefer', 'require', and 'verify-ca' are treated as aliases for 'verify-full'.
In the next major version (pg-connection-string v3.0.0 and pg v9.0.0), these modes will adopt standard libpq semantics, which have weaker security guarantees.

To prepare for this change:
- If you want the current behavior, explicitly use 'sslmode=verify-full'
- If you want libpq compatibility now, use 'uselibpqcompat=true&sslmode=require'

See https://www.postgresql.org/docs/current/libpq-ssl.html for libpq SSL mode definitions.
(Use `node --trace-warnings ...` to show where the warning was created)
